
> finalvault@0.1.0 test
> playwright test


Running 188 tests using 3 workers

  -    1 [chromium] › tests/e2e/admin/tier-management.spec.js:3:6 › creates a new storage tier
  -    2 [chromium] › tests/e2e/admin/tier-management.spec.js:4:6 › edits an existing tier
  -    3 [chromium] › tests/e2e/admin/user-management.spec.js:3:6 › lists all photographers
  -    4 [chromium] › tests/e2e/admin/user-management.spec.js:4:6 › deactivates a user
  ✓    6 [chromium] › tests/e2e/auth/login.spec.js:12:3 › Login › shows sign in form by default (516ms)
  ✘    5 [chromium] › tests/e2e/auth/login.spec.js:8:3 › Login › shows FinalVault branding (499ms)
  ✓    7 [chromium] › tests/e2e/auth/login.spec.js:18:3 › Login › shows error on empty submit (565ms)
  ✓    9 [chromium] › tests/e2e/auth/login.spec.js:38:3 › Login › toggles password visibility (238ms)
  ✘   10 [chromium] › tests/e2e/auth/login.spec.js:52:3 › Forgot Password › shows forgot password form (195ms)
  ✘   11 [chromium] › tests/e2e/auth/login.spec.js:30:3 › Login › signs in with valid credentials and redirects to dashboard (178ms)
  ✓    8 [chromium] › tests/e2e/auth/login.spec.js:23:3 › Login › shows error on invalid credentials (1.1s)
  ✓   12 [chromium] › tests/e2e/auth/login.spec.js:58:3 › Forgot Password › shows error on empty email (245ms)
  ✓   14 [chromium] › tests/e2e/auth/login.spec.js:75:3 › Register › shows registration form (295ms)
  ✓   15 [chromium] › tests/e2e/auth/login.spec.js:81:3 › Register › shows password requirements (407ms)
  ✓   13 [chromium] › tests/e2e/auth/login.spec.js:63:3 › Forgot Password › navigates back to sign in (367ms)
  ✘   16 [chromium] › tests/e2e/auth/login.spec.js:91:3 › Register › shows passwords match indicator (306ms)
  ✘   17 [chromium] › tests/e2e/auth/login.spec.js:98:3 › Register › disables submit when passwords do not match (255ms)
  -   19 [chromium] › tests/e2e/client/comments.spec.js:3:6 › leaves a comment on an image
  -   20 [chromium] › tests/e2e/client/comments.spec.js:4:6 › leaves a gallery-level comment
  -   21 [chromium] › tests/e2e/client/download-single.spec.js:3:6 › downloads a single image
  -   22 [chromium] › tests/e2e/client/download-single.spec.js:4:6 › respects download_watermarked flag
  -   23 [chromium] › tests/e2e/client/download-zip.spec.js:3:6 › downloads full gallery as ZIP
  -   24 [chromium] › tests/e2e/client/download-zip.spec.js:4:6 › requires PIN when configured
  -   25 [chromium] › tests/e2e/client/download-zip.spec.js:5:6 › rejects wrong PIN
  -   26 [chromium] › tests/e2e/client/favorites.spec.js:3:6 › hearts an image
  -   27 [chromium] › tests/e2e/client/favorites.spec.js:4:6 › unhearts an image
  -   28 [chromium] › tests/e2e/client/gallery-access.spec.js:3:6 › enters name to access gallery
  -   29 [chromium] › tests/e2e/client/gallery-access.spec.js:4:6 › enters correct password to unlock gallery
  -   30 [chromium] › tests/e2e/client/gallery-access.spec.js:5:6 › rejects wrong password
  -   31 [chromium] › tests/e2e/client/gallery-browse.spec.js:3:6 › displays gallery images
  -   32 [chromium] › tests/e2e/client/gallery-browse.spec.js:4:6 › opens full-screen viewer
  -   33 [chromium] › tests/e2e/client/gallery-browse.spec.js:5:6 › navigates between images
  -   34 [chromium] › tests/e2e/photographer/gallery-create.spec.js:3:6 › creates a new gallery
  -   35 [chromium] › tests/e2e/photographer/gallery-create.spec.js:4:6 › validates required fields
  -   36 [chromium] › tests/e2e/photographer/gallery-create.spec.js:5:6 › deletes a gallery
  -   37 [chromium] › tests/e2e/photographer/gallery-settings.spec.js:3:6 › sets a gallery password
  -   38 [chromium] › tests/e2e/photographer/gallery-settings.spec.js:4:6 › sets a download PIN
  -   39 [chromium] › tests/e2e/photographer/gallery-settings.spec.js:5:6 › disables downloads
  -   40 [chromium] › tests/e2e/photographer/gallery-settings.spec.js:6:6 › sets an expiry date
  -   41 [chromium] › tests/e2e/photographer/gallery-upload.spec.js:3:6 › uploads a single image
  -   42 [chromium] › tests/e2e/photographer/gallery-upload.spec.js:4:6 › uploads multiple images
  -   43 [chromium] › tests/e2e/photographer/gallery-upload.spec.js:5:6 › rejects unsupported file types
  -   44 [chromium] › tests/e2e/photographer/watermark.spec.js:3:6 › uploads a watermark image
  -   45 [chromium] › tests/e2e/photographer/watermark.spec.js:4:6 › sets watermark opacity
  -   46 [chromium] › tests/e2e/photographer/watermark.spec.js:5:6 › sets watermark position
  -   47 [firefox] › tests/e2e/admin/tier-management.spec.js:3:6 › creates a new storage tier
  -   48 [firefox] › tests/e2e/admin/tier-management.spec.js:4:6 › edits an existing tier
  -   49 [firefox] › tests/e2e/admin/user-management.spec.js:3:6 › lists all photographers
  -   50 [firefox] › tests/e2e/admin/user-management.spec.js:4:6 › deactivates a user
  ✘   18 [chromium] › tests/e2e/auth/logout.spec.js:12:3 › Logout › signs out and redirects to login (240ms)
  ✘   51 [chromium] › tests/e2e/auth/logout.spec.js:17:3 › Logout › cannot access dashboard after signing out (178ms)
  ✓   53 [firefox] › tests/e2e/auth/login.spec.js:12:3 › Login › shows sign in form by default (1.5s)
  ✓   54 [firefox] › tests/e2e/auth/login.spec.js:18:3 › Login › shows error on empty submit (1.5s)
  ✓   55 [firefox] › tests/e2e/auth/login.spec.js:23:3 › Login › shows error on invalid credentials (838ms)
  ✘   56 [firefox] › tests/e2e/auth/login.spec.js:30:3 › Login › signs in with valid credentials and redirects to dashboard (419ms)
  ✘   52 [firefox] › tests/e2e/auth/login.spec.js:8:3 › Login › shows FinalVault branding (1.4s)
  ✓   57 [firefox] › tests/e2e/auth/login.spec.js:38:3 › Login › toggles password visibility (432ms)
  ✓   58 [firefox] › tests/e2e/auth/login.spec.js:63:3 › Forgot Password › navigates back to sign in (492ms)
  ✓   61 [firefox] › tests/e2e/auth/login.spec.js:75:3 › Register › shows registration form (371ms)
  ✓   62 [firefox] › tests/e2e/auth/login.spec.js:81:3 › Register › shows password requirements (423ms)
  ✘   63 [firefox] › tests/e2e/auth/login.spec.js:91:3 › Register › shows passwords match indicator (549ms)
  ✓   60 [firefox] › tests/e2e/auth/login.spec.js:58:3 › Forgot Password › shows error on empty email (1.6s)
  ✘   64 [firefox] › tests/e2e/auth/logout.spec.js:12:3 › Logout › signs out and redirects to login (512ms)
  ✘   59 [firefox] › tests/e2e/auth/login.spec.js:52:3 › Forgot Password › shows forgot password form (1.7s)
  -   66 [firefox] › tests/e2e/client/comments.spec.js:3:6 › leaves a comment on an image
  -   67 [firefox] › tests/e2e/client/comments.spec.js:4:6 › leaves a gallery-level comment
  -   68 [firefox] › tests/e2e/client/download-single.spec.js:3:6 › downloads a single image
  -   69 [firefox] › tests/e2e/client/download-single.spec.js:4:6 › respects download_watermarked flag
  -   70 [firefox] › tests/e2e/client/download-zip.spec.js:3:6 › downloads full gallery as ZIP
  -   71 [firefox] › tests/e2e/client/download-zip.spec.js:4:6 › requires PIN when configured
  -   72 [firefox] › tests/e2e/client/download-zip.spec.js:5:6 › rejects wrong PIN
  -   73 [firefox] › tests/e2e/client/favorites.spec.js:3:6 › hearts an image
  -   74 [firefox] › tests/e2e/client/favorites.spec.js:4:6 › unhearts an image
  -   75 [firefox] › tests/e2e/client/gallery-access.spec.js:3:6 › enters name to access gallery
  -   76 [firefox] › tests/e2e/client/gallery-access.spec.js:4:6 › enters correct password to unlock gallery
  -   77 [firefox] › tests/e2e/client/gallery-access.spec.js:5:6 › rejects wrong password
  -   78 [firefox] › tests/e2e/client/gallery-browse.spec.js:3:6 › displays gallery images
  -   79 [firefox] › tests/e2e/client/gallery-browse.spec.js:4:6 › opens full-screen viewer
  -   80 [firefox] › tests/e2e/client/gallery-browse.spec.js:5:6 › navigates between images
  -   81 [firefox] › tests/e2e/photographer/gallery-create.spec.js:3:6 › creates a new gallery
  -   82 [firefox] › tests/e2e/photographer/gallery-create.spec.js:4:6 › validates required fields
  -   83 [firefox] › tests/e2e/photographer/gallery-create.spec.js:5:6 › deletes a gallery
  -   84 [firefox] › tests/e2e/photographer/gallery-settings.spec.js:3:6 › sets a gallery password
  -   85 [firefox] › tests/e2e/photographer/gallery-settings.spec.js:4:6 › sets a download PIN
  -   86 [firefox] › tests/e2e/photographer/gallery-settings.spec.js:5:6 › disables downloads
  -   87 [firefox] › tests/e2e/photographer/gallery-settings.spec.js:6:6 › sets an expiry date
  -   88 [firefox] › tests/e2e/photographer/gallery-upload.spec.js:3:6 › uploads a single image
  -   89 [firefox] › tests/e2e/photographer/gallery-upload.spec.js:4:6 › uploads multiple images
  -   90 [firefox] › tests/e2e/photographer/gallery-upload.spec.js:5:6 › rejects unsupported file types
  -   91 [firefox] › tests/e2e/photographer/watermark.spec.js:3:6 › uploads a watermark image
  -   92 [firefox] › tests/e2e/photographer/watermark.spec.js:4:6 › sets watermark opacity
  -   93 [firefox] › tests/e2e/photographer/watermark.spec.js:5:6 › sets watermark position
  -   94 [mobile-chrome] › tests/e2e/admin/tier-management.spec.js:3:6 › creates a new storage tier
  -   95 [mobile-chrome] › tests/e2e/admin/tier-management.spec.js:4:6 › edits an existing tier
  -   96 [mobile-chrome] › tests/e2e/admin/user-management.spec.js:3:6 › lists all photographers
  -   97 [mobile-chrome] › tests/e2e/admin/user-management.spec.js:4:6 › deactivates a user
  ✘   99 [mobile-chrome] › tests/e2e/auth/login.spec.js:8:3 › Login › shows FinalVault branding (418ms)
  ✓  100 [mobile-chrome] › tests/e2e/auth/login.spec.js:12:3 › Login › shows sign in form by default (299ms)
  ✘   65 [firefox] › tests/e2e/auth/login.spec.js:98:3 › Register › disables submit when passwords do not match (1.7s)
  ✓  101 [mobile-chrome] › tests/e2e/auth/login.spec.js:18:3 › Login › shows error on empty submit (346ms)
  ✘  102 [mobile-chrome] › tests/e2e/auth/login.spec.js:30:3 › Login › signs in with valid credentials and redirects to dashboard (232ms)
  ✘   98 [firefox] › tests/e2e/auth/logout.spec.js:17:3 › Logout › cannot access dashboard after signing out (1.8s)
  ✓  103 [mobile-chrome] › tests/e2e/auth/login.spec.js:23:3 › Login › shows error on invalid credentials (636ms)
  ✓  104 [mobile-chrome] › tests/e2e/auth/login.spec.js:38:3 › Login › toggles password visibility (311ms)
  ✓  105 [mobile-chrome] › tests/e2e/auth/login.spec.js:58:3 › Forgot Password › shows error on empty email (298ms)
  ✓  106 [mobile-chrome] › tests/e2e/auth/login.spec.js:63:3 › Forgot Password › navigates back to sign in (290ms)
  ✓  108 [mobile-chrome] › tests/e2e/auth/login.spec.js:75:3 › Register › shows registration form (308ms)
  ✓  109 [mobile-chrome] › tests/e2e/auth/login.spec.js:81:3 › Register › shows password requirements (425ms)
  ✘  107 [mobile-chrome] › tests/e2e/auth/login.spec.js:52:3 › Forgot Password › shows forgot password form (418ms)
  ✘  110 [mobile-chrome] › tests/e2e/auth/login.spec.js:91:3 › Register › shows passwords match indicator (317ms)
  ✘  111 [mobile-chrome] › tests/e2e/auth/login.spec.js:98:3 › Register › disables submit when passwords do not match (271ms)
  -  112 [mobile-chrome] › tests/e2e/client/comments.spec.js:3:6 › leaves a comment on an image
  -  113 [mobile-chrome] › tests/e2e/client/comments.spec.js:4:6 › leaves a gallery-level comment
  -  114 [mobile-chrome] › tests/e2e/client/download-single.spec.js:3:6 › downloads a single image
  -  115 [mobile-chrome] › tests/e2e/client/download-single.spec.js:4:6 › respects download_watermarked flag
  -  116 [mobile-chrome] › tests/e2e/client/download-zip.spec.js:3:6 › downloads full gallery as ZIP
  -  117 [mobile-chrome] › tests/e2e/client/download-zip.spec.js:4:6 › requires PIN when configured
  -  118 [mobile-chrome] › tests/e2e/client/download-zip.spec.js:5:6 › rejects wrong PIN
  -  119 [mobile-chrome] › tests/e2e/client/favorites.spec.js:3:6 › hearts an image
  -  120 [mobile-chrome] › tests/e2e/client/favorites.spec.js:4:6 › unhearts an image
  -  121 [mobile-chrome] › tests/e2e/client/gallery-access.spec.js:3:6 › enters name to access gallery
  -  122 [mobile-chrome] › tests/e2e/client/gallery-access.spec.js:4:6 › enters correct password to unlock gallery
  -  123 [mobile-chrome] › tests/e2e/client/gallery-access.spec.js:5:6 › rejects wrong password
  -  124 [mobile-chrome] › tests/e2e/client/gallery-browse.spec.js:3:6 › displays gallery images
  -  125 [mobile-chrome] › tests/e2e/client/gallery-browse.spec.js:4:6 › opens full-screen viewer
  -  126 [mobile-chrome] › tests/e2e/client/gallery-browse.spec.js:5:6 › navigates between images
  -  127 [mobile-chrome] › tests/e2e/photographer/gallery-create.spec.js:3:6 › creates a new gallery
  -  128 [mobile-chrome] › tests/e2e/photographer/gallery-create.spec.js:4:6 › validates required fields
  -  129 [mobile-chrome] › tests/e2e/photographer/gallery-create.spec.js:5:6 › deletes a gallery
  -  130 [mobile-chrome] › tests/e2e/photographer/gallery-settings.spec.js:3:6 › sets a gallery password
  -  131 [mobile-chrome] › tests/e2e/photographer/gallery-settings.spec.js:4:6 › sets a download PIN
  -  132 [mobile-chrome] › tests/e2e/photographer/gallery-settings.spec.js:5:6 › disables downloads
  -  133 [mobile-chrome] › tests/e2e/photographer/gallery-settings.spec.js:6:6 › sets an expiry date
  -  134 [mobile-chrome] › tests/e2e/photographer/gallery-upload.spec.js:3:6 › uploads a single image
  -  135 [mobile-chrome] › tests/e2e/photographer/gallery-upload.spec.js:4:6 › uploads multiple images
  -  136 [mobile-chrome] › tests/e2e/photographer/gallery-upload.spec.js:5:6 › rejects unsupported file types
  -  137 [mobile-chrome] › tests/e2e/photographer/watermark.spec.js:3:6 › uploads a watermark image
  -  138 [mobile-chrome] › tests/e2e/photographer/watermark.spec.js:4:6 › sets watermark opacity
  -  139 [mobile-chrome] › tests/e2e/photographer/watermark.spec.js:5:6 › sets watermark position
  -  140 [mobile-safari] › tests/e2e/admin/tier-management.spec.js:3:6 › creates a new storage tier
  -  141 [mobile-safari] › tests/e2e/admin/tier-management.spec.js:4:6 › edits an existing tier
  -  142 [mobile-safari] › tests/e2e/admin/user-management.spec.js:3:6 › lists all photographers
  -  143 [mobile-safari] › tests/e2e/admin/user-management.spec.js:4:6 › deactivates a user
  ✘  144 [mobile-chrome] › tests/e2e/auth/logout.spec.js:12:3 › Logout › signs out and redirects to login (297ms)
  ✘  145 [mobile-chrome] › tests/e2e/auth/logout.spec.js:17:3 › Logout › cannot access dashboard after signing out (283ms)
  ✓  147 [mobile-safari] › tests/e2e/auth/login.spec.js:12:3 › Login › shows sign in form by default (1.2s)
  ✘  146 [mobile-safari] › tests/e2e/auth/login.spec.js:8:3 › Login › shows FinalVault branding (1.2s)
  ✓  148 [mobile-safari] › tests/e2e/auth/login.spec.js:18:3 › Login › shows error on empty submit (1.2s)
  ✓  150 [mobile-safari] › tests/e2e/auth/login.spec.js:38:3 › Login › toggles password visibility (582ms)
  ✓  149 [mobile-safari] › tests/e2e/auth/login.spec.js:23:3 › Login › shows error on invalid credentials (986ms)
  ✘  152 [mobile-safari] › tests/e2e/auth/login.spec.js:52:3 › Forgot Password › shows forgot password form (685ms)
  ✘  151 [mobile-safari] › tests/e2e/auth/login.spec.js:30:3 › Login › signs in with valid credentials and redirects to dashboard (776ms)
  ✓  153 [mobile-safari] › tests/e2e/auth/login.spec.js:58:3 › Forgot Password › shows error on empty email (647ms)
  ✓  154 [mobile-safari] › tests/e2e/auth/login.spec.js:81:3 › Register › shows password requirements (618ms)
  ✘  157 [mobile-safari] › tests/e2e/auth/login.spec.js:91:3 › Register › shows passwords match indicator (686ms)
  ✓  155 [mobile-safari] › tests/e2e/auth/login.spec.js:63:3 › Forgot Password › navigates back to sign in (966ms)
  ✓  156 [mobile-safari] › tests/e2e/auth/login.spec.js:75:3 › Register › shows registration form (941ms)
  ✘  158 [mobile-safari] › tests/e2e/auth/logout.spec.js:12:3 › Logout › signs out and redirects to login (485ms)
  -  161 [mobile-safari] › tests/e2e/client/comments.spec.js:3:6 › leaves a comment on an image
  -  162 [mobile-safari] › tests/e2e/client/comments.spec.js:4:6 › leaves a gallery-level comment
  -  163 [mobile-safari] › tests/e2e/client/download-single.spec.js:3:6 › downloads a single image
  -  164 [mobile-safari] › tests/e2e/client/download-single.spec.js:4:6 › respects download_watermarked flag
  -  165 [mobile-safari] › tests/e2e/client/download-zip.spec.js:3:6 › downloads full gallery as ZIP
  -  166 [mobile-safari] › tests/e2e/client/download-zip.spec.js:4:6 › requires PIN when configured
  -  167 [mobile-safari] › tests/e2e/client/download-zip.spec.js:5:6 › rejects wrong PIN
  -  168 [mobile-safari] › tests/e2e/client/favorites.spec.js:3:6 › hearts an image
  -  169 [mobile-safari] › tests/e2e/client/favorites.spec.js:4:6 › unhearts an image
  -  170 [mobile-safari] › tests/e2e/client/gallery-access.spec.js:3:6 › enters name to access gallery
  -  171 [mobile-safari] › tests/e2e/client/gallery-access.spec.js:4:6 › enters correct password to unlock gallery
  -  172 [mobile-safari] › tests/e2e/client/gallery-access.spec.js:5:6 › rejects wrong password
  -  173 [mobile-safari] › tests/e2e/client/gallery-browse.spec.js:3:6 › displays gallery images
  -  174 [mobile-safari] › tests/e2e/client/gallery-browse.spec.js:4:6 › opens full-screen viewer
  -  175 [mobile-safari] › tests/e2e/client/gallery-browse.spec.js:5:6 › navigates between images
  -  176 [mobile-safari] › tests/e2e/photographer/gallery-create.spec.js:3:6 › creates a new gallery
  -  177 [mobile-safari] › tests/e2e/photographer/gallery-create.spec.js:4:6 › validates required fields
  -  178 [mobile-safari] › tests/e2e/photographer/gallery-create.spec.js:5:6 › deletes a gallery
  -  179 [mobile-safari] › tests/e2e/photographer/gallery-settings.spec.js:3:6 › sets a gallery password
  -  180 [mobile-safari] › tests/e2e/photographer/gallery-settings.spec.js:4:6 › sets a download PIN
  -  181 [mobile-safari] › tests/e2e/photographer/gallery-settings.spec.js:5:6 › disables downloads
  -  182 [mobile-safari] › tests/e2e/photographer/gallery-settings.spec.js:6:6 › sets an expiry date
  -  183 [mobile-safari] › tests/e2e/photographer/gallery-upload.spec.js:3:6 › uploads a single image
  -  184 [mobile-safari] › tests/e2e/photographer/gallery-upload.spec.js:4:6 › uploads multiple images
  -  185 [mobile-safari] › tests/e2e/photographer/gallery-upload.spec.js:5:6 › rejects unsupported file types
  -  186 [mobile-safari] › tests/e2e/photographer/watermark.spec.js:3:6 › uploads a watermark image
  -  187 [mobile-safari] › tests/e2e/photographer/watermark.spec.js:4:6 › sets watermark opacity
  -  188 [mobile-safari] › tests/e2e/photographer/watermark.spec.js:5:6 › sets watermark position
  ✘  159 [mobile-safari] › tests/e2e/auth/logout.spec.js:17:3 › Logout › cannot access dashboard after signing out (458ms)
  ✘  160 [mobile-safari] › tests/e2e/auth/login.spec.js:98:3 › Register › disables submit when passwords do not match (556ms)


  1) [chromium] › tests/e2e/auth/login.spec.js:8:3 › Login › shows FinalVault branding ─────────────

    Error: [2mexpect([22m[31mlocator[39m[2m).[22mtoBeVisible[2m([22m[2m)[22m failed

    Locator: getByText('FinalVault')
    Expected: visible
    Error: strict mode violation: getByText('FinalVault') resolved to 2 elements:
        1) <h1 class="text-2xl font-bold tracking-tight text-white">FinalVault</h1> aka getByRole('heading', { name: 'FinalVault' })
        2) <p class="text-slate-400 text-sm mt-1">Sign in to FinalVault</p> aka getByText('Sign in to FinalVault')

    Call log:
    [2m  - Expect "toBeVisible" with timeout 5000ms[22m
    [2m  - waiting for getByText('FinalVault')[22m


       7 |
       8 |   test('shows FinalVault branding', async ({ page }) => {
    >  9 |     await expect(page.getByText('FinalVault')).toBeVisible()
         |                                                ^
      10 |   })
      11 |
      12 |   test('shows sign in form by default', async ({ page }) => {
        at /Users/nickporterfield/code/finalvault/tests/e2e/auth/login.spec.js:9:48

    attachment #1: screenshot (image/png) ──────────────────────────────────────────────────────────
    test-results/auth-login-Login-shows-FinalVault-branding-chromium/test-failed-1.png
    ────────────────────────────────────────────────────────────────────────────────────────────────

    Error Context: test-results/auth-login-Login-shows-FinalVault-branding-chromium/error-context.md

  2) [chromium] › tests/e2e/auth/login.spec.js:30:3 › Login › signs in with valid credentials and redirects to dashboard 

    Error: locator.fill: value: expected string, got undefined

      29 |
      30 |   test('signs in with valid credentials and redirects to dashboard', async ({ page }) => {
    > 31 |     await page.getByPlaceholder('Email').fill(process.env.PLAYWRIGHT_TEST_EMAIL)
         |                                          ^
      32 |     await page.getByPlaceholder('Password').fill(process.env.PLAYWRIGHT_TEST_PASSWORD)
      33 |     await page.getByRole('button', { name: 'Sign In' }).click()
      34 |     await expect(page).toHaveURL('/')
        at /Users/nickporterfield/code/finalvault/tests/e2e/auth/login.spec.js:31:42

    attachment #1: screenshot (image/png) ──────────────────────────────────────────────────────────
    test-results/auth-login-Login-signs-in--e4bf1--and-redirects-to-dashboard-chromium/test-failed-1.png
    ────────────────────────────────────────────────────────────────────────────────────────────────

    Error Context: test-results/auth-login-Login-signs-in--e4bf1--and-redirects-to-dashboard-chromium/error-context.md

  3) [chromium] › tests/e2e/auth/login.spec.js:52:3 › Forgot Password › shows forgot password form ─

    Error: [2mexpect([22m[31mlocator[39m[2m).[22mtoBeVisible[2m([22m[2m)[22m failed

    Locator: getByText('Reset your password')
    Expected: visible
    Error: strict mode violation: getByText('Reset your password') resolved to 2 elements:
        1) <p class="text-slate-400 text-sm mt-1">Reset your password</p> aka getByText('Reset your password', { exact: true })
        2) <p class="text-slate-500 text-xs -mt-1">Enter your email and we'll send you a link to res…</p> aka getByText('Enter your email and we\'ll')

    Call log:
    [2m  - Expect "toBeVisible" with timeout 5000ms[22m
    [2m  - waiting for getByText('Reset your password')[22m


      51 |
      52 |   test('shows forgot password form', async ({ page }) => {
    > 53 |     await expect(page.getByText('Reset your password')).toBeVisible()
         |                                                         ^
      54 |     await expect(page.getByPlaceholder('Email')).toBeVisible()
      55 |     await expect(page.getByRole('button', { name: 'Send Reset Email' })).toBeVisible()
      56 |   })
        at /Users/nickporterfield/code/finalvault/tests/e2e/auth/login.spec.js:53:57

    attachment #1: screenshot (image/png) ──────────────────────────────────────────────────────────
    test-results/auth-login-Forgot-Password-shows-forgot-password-form-chromium/test-failed-1.png
    ────────────────────────────────────────────────────────────────────────────────────────────────

    Error Context: test-results/auth-login-Forgot-Password-shows-forgot-password-form-chromium/error-context.md

  4) [chromium] › tests/e2e/auth/login.spec.js:91:3 › Register › shows passwords match indicator ───

    Error: locator.fill: Error: strict mode violation: getByPlaceholder('Password') resolved to 2 elements:
        1) <input value="" type="password" placeholder="Password" class="w-full bg-slate-800 border border-slate-700 text-white placeholder-slate-500 px-4 py-3 pr-12 rounded-lg focus:outline-none focus:ring-2 focus:ring-slate-500 text-sm"/> aka getByRole('textbox', { name: 'Password', exact: true })
        2) <input value="" type="password" placeholder="Confirm Password" class="w-full bg-slate-800 border border-slate-700 text-white placeholder-slate-500 px-4 py-3 pr-12 rounded-lg focus:outline-none focus:ring-2 focus:ring-slate-500 text-sm"/> aka getByRole('textbox', { name: 'Confirm Password' })

    Call log:
    [2m  - waiting for getByPlaceholder('Password')[22m


      91 |   test('shows passwords match indicator', async ({ page }) => {
      92 |     const passwordInput = page.getByPlaceholder('Password')
    > 93 |     await passwordInput.fill('Test@1234')
         |                         ^
      94 |     await page.getByPlaceholder('Confirm Password').fill('Test@1234')
      95 |     await expect(page.getByText('Passwords match')).toBeVisible()
      96 |   })
        at /Users/nickporterfield/code/finalvault/tests/e2e/auth/login.spec.js:93:25

    attachment #1: screenshot (image/png) ──────────────────────────────────────────────────────────
    test-results/auth-login-Register-shows-passwords-match-indicator-chromium/test-failed-1.png
    ────────────────────────────────────────────────────────────────────────────────────────────────

    Error Context: test-results/auth-login-Register-shows-passwords-match-indicator-chromium/error-context.md

  5) [chromium] › tests/e2e/auth/login.spec.js:98:3 › Register › disables submit when passwords do not match 

    Error: locator.fill: Error: strict mode violation: getByPlaceholder('Password') resolved to 2 elements:
        1) <input value="" type="password" placeholder="Password" class="w-full bg-slate-800 border border-slate-700 text-white placeholder-slate-500 px-4 py-3 pr-12 rounded-lg focus:outline-none focus:ring-2 focus:ring-slate-500 text-sm"/> aka getByRole('textbox', { name: 'Password', exact: true })
        2) <input value="" type="password" placeholder="Confirm Password" class="w-full bg-slate-800 border border-slate-700 text-white placeholder-slate-500 px-4 py-3 pr-12 rounded-lg focus:outline-none focus:ring-2 focus:ring-slate-500 text-sm"/> aka getByRole('textbox', { name: 'Confirm Password' })

    Call log:
    [2m  - waiting for getByPlaceholder('Password')[22m


       97 |
       98 |   test('disables submit when passwords do not match', async ({ page }) => {
    >  99 |     await page.getByPlaceholder('Password').fill('Test@1234')
          |                                             ^
      100 |     await page.getByPlaceholder('Confirm Password').fill('Different@1234')
      101 |     await expect(page.getByRole('button', { name: 'Create Account' })).toBeDisabled()
      102 |   })
        at /Users/nickporterfield/code/finalvault/tests/e2e/auth/login.spec.js:99:45

    attachment #1: screenshot (image/png) ──────────────────────────────────────────────────────────
    test-results/auth-login-Register-disabl-ebb4b-when-passwords-do-not-match-chromium/test-failed-1.png
    ────────────────────────────────────────────────────────────────────────────────────────────────

    Error Context: test-results/auth-login-Register-disabl-ebb4b-when-passwords-do-not-match-chromium/error-context.md

  6) [chromium] › tests/e2e/auth/logout.spec.js:12:3 › Logout › signs out and redirects to login ───

    Error: locator.fill: value: expected string, got undefined

      4 |   test.beforeEach(async ({ page }) => {
      5 |     await page.goto('/login')
    > 6 |     await page.getByPlaceholder('Email').fill(process.env.PLAYWRIGHT_TEST_EMAIL)
        |                                          ^
      7 |     await page.getByPlaceholder('Password').fill(process.env.PLAYWRIGHT_TEST_PASSWORD)
      8 |     await page.getByRole('button', { name: 'Sign In' }).click()
      9 |     await expect(page).toHaveURL('/')
        at /Users/nickporterfield/code/finalvault/tests/e2e/auth/logout.spec.js:6:42

    attachment #1: screenshot (image/png) ──────────────────────────────────────────────────────────
    test-results/auth-logout-Logout-signs-out-and-redirects-to-login-chromium/test-failed-1.png
    ────────────────────────────────────────────────────────────────────────────────────────────────

    Error Context: test-results/auth-logout-Logout-signs-out-and-redirects-to-login-chromium/error-context.md

  7) [chromium] › tests/e2e/auth/logout.spec.js:17:3 › Logout › cannot access dashboard after signing out 

    Error: locator.fill: value: expected string, got undefined

      4 |   test.beforeEach(async ({ page }) => {
      5 |     await page.goto('/login')
    > 6 |     await page.getByPlaceholder('Email').fill(process.env.PLAYWRIGHT_TEST_EMAIL)
        |                                          ^
      7 |     await page.getByPlaceholder('Password').fill(process.env.PLAYWRIGHT_TEST_PASSWORD)
      8 |     await page.getByRole('button', { name: 'Sign In' }).click()
      9 |     await expect(page).toHaveURL('/')
        at /Users/nickporterfield/code/finalvault/tests/e2e/auth/logout.spec.js:6:42

    attachment #1: screenshot (image/png) ──────────────────────────────────────────────────────────
    test-results/auth-logout-Logout-cannot-access-dashboard-after-signing-out-chromium/test-failed-1.png
    ────────────────────────────────────────────────────────────────────────────────────────────────

    Error Context: test-results/auth-logout-Logout-cannot-access-dashboard-after-signing-out-chromium/error-context.md

  8) [firefox] › tests/e2e/auth/login.spec.js:8:3 › Login › shows FinalVault branding ──────────────

    Error: [2mexpect([22m[31mlocator[39m[2m).[22mtoBeVisible[2m([22m[2m)[22m failed

    Locator: getByText('FinalVault')
    Expected: visible
    Error: strict mode violation: getByText('FinalVault') resolved to 2 elements:
        1) <h1 class="text-2xl font-bold tracking-tight text-white">FinalVault</h1> aka getByRole('heading', { name: 'FinalVault' })
        2) <p class="text-slate-400 text-sm mt-1">Sign in to FinalVault</p> aka getByText('Sign in to FinalVault')

    Call log:
    [2m  - Expect "toBeVisible" with timeout 5000ms[22m
    [2m  - waiting for getByText('FinalVault')[22m


       7 |
       8 |   test('shows FinalVault branding', async ({ page }) => {
    >  9 |     await expect(page.getByText('FinalVault')).toBeVisible()
         |                                                ^
      10 |   })
      11 |
      12 |   test('shows sign in form by default', async ({ page }) => {
        at /Users/nickporterfield/code/finalvault/tests/e2e/auth/login.spec.js:9:48

    attachment #1: screenshot (image/png) ──────────────────────────────────────────────────────────
    test-results/auth-login-Login-shows-FinalVault-branding-firefox/test-failed-1.png
    ────────────────────────────────────────────────────────────────────────────────────────────────

    Error Context: test-results/auth-login-Login-shows-FinalVault-branding-firefox/error-context.md

  9) [firefox] › tests/e2e/auth/login.spec.js:30:3 › Login › signs in with valid credentials and redirects to dashboard 

    Error: locator.fill: value: expected string, got undefined

      29 |
      30 |   test('signs in with valid credentials and redirects to dashboard', async ({ page }) => {
    > 31 |     await page.getByPlaceholder('Email').fill(process.env.PLAYWRIGHT_TEST_EMAIL)
         |                                          ^
      32 |     await page.getByPlaceholder('Password').fill(process.env.PLAYWRIGHT_TEST_PASSWORD)
      33 |     await page.getByRole('button', { name: 'Sign In' }).click()
      34 |     await expect(page).toHaveURL('/')
        at /Users/nickporterfield/code/finalvault/tests/e2e/auth/login.spec.js:31:42

    attachment #1: screenshot (image/png) ──────────────────────────────────────────────────────────
    test-results/auth-login-Login-signs-in--e4bf1--and-redirects-to-dashboard-firefox/test-failed-1.png
    ────────────────────────────────────────────────────────────────────────────────────────────────

    Error Context: test-results/auth-login-Login-signs-in--e4bf1--and-redirects-to-dashboard-firefox/error-context.md

  10) [firefox] › tests/e2e/auth/login.spec.js:52:3 › Forgot Password › shows forgot password form ─

    Error: [2mexpect([22m[31mlocator[39m[2m).[22mtoBeVisible[2m([22m[2m)[22m failed

    Locator: getByText('Reset your password')
    Expected: visible
    Error: strict mode violation: getByText('Reset your password') resolved to 2 elements:
        1) <p class="text-slate-400 text-sm mt-1">Reset your password</p> aka getByText('Reset your password', { exact: true })
        2) <p class="text-slate-500 text-xs -mt-1">Enter your email and we'll send you a link to res…</p> aka getByText('Enter your email and we\'ll')

    Call log:
    [2m  - Expect "toBeVisible" with timeout 5000ms[22m
    [2m  - waiting for getByText('Reset your password')[22m


      51 |
      52 |   test('shows forgot password form', async ({ page }) => {
    > 53 |     await expect(page.getByText('Reset your password')).toBeVisible()
         |                                                         ^
      54 |     await expect(page.getByPlaceholder('Email')).toBeVisible()
      55 |     await expect(page.getByRole('button', { name: 'Send Reset Email' })).toBeVisible()
      56 |   })
        at /Users/nickporterfield/code/finalvault/tests/e2e/auth/login.spec.js:53:57

    attachment #1: screenshot (image/png) ──────────────────────────────────────────────────────────
    test-results/auth-login-Forgot-Password-shows-forgot-password-form-firefox/test-failed-1.png
    ────────────────────────────────────────────────────────────────────────────────────────────────

    Error Context: test-results/auth-login-Forgot-Password-shows-forgot-password-form-firefox/error-context.md

  11) [firefox] › tests/e2e/auth/login.spec.js:91:3 › Register › shows passwords match indicator ───

    Error: locator.fill: Error: strict mode violation: getByPlaceholder('Password') resolved to 2 elements:
        1) <input value="" type="password" placeholder="Password" class="w-full bg-slate-800 border border-slate-700 text-white placeholder-slate-500 px-4 py-3 pr-12 rounded-lg focus:outline-none focus:ring-2 focus:ring-slate-500 text-sm"/> aka getByRole('textbox', { name: 'Password', exact: true })
        2) <input value="" type="password" placeholder="Confirm Password" class="w-full bg-slate-800 border border-slate-700 text-white placeholder-slate-500 px-4 py-3 pr-12 rounded-lg focus:outline-none focus:ring-2 focus:ring-slate-500 text-sm"/> aka getByRole('textbox', { name: 'Confirm Password' })

    Call log:
    [2m  - waiting for getByPlaceholder('Password')[22m


      91 |   test('shows passwords match indicator', async ({ page }) => {
      92 |     const passwordInput = page.getByPlaceholder('Password')
    > 93 |     await passwordInput.fill('Test@1234')
         |                         ^
      94 |     await page.getByPlaceholder('Confirm Password').fill('Test@1234')
      95 |     await expect(page.getByText('Passwords match')).toBeVisible()
      96 |   })
        at /Users/nickporterfield/code/finalvault/tests/e2e/auth/login.spec.js:93:25

    attachment #1: screenshot (image/png) ──────────────────────────────────────────────────────────
    test-results/auth-login-Register-shows-passwords-match-indicator-firefox/test-failed-1.png
    ────────────────────────────────────────────────────────────────────────────────────────────────

    Error Context: test-results/auth-login-Register-shows-passwords-match-indicator-firefox/error-context.md

  12) [firefox] › tests/e2e/auth/login.spec.js:98:3 › Register › disables submit when passwords do not match 

    Error: locator.fill: Error: strict mode violation: getByPlaceholder('Password') resolved to 2 elements:
        1) <input value="" type="password" placeholder="Password" class="w-full bg-slate-800 border border-slate-700 text-white placeholder-slate-500 px-4 py-3 pr-12 rounded-lg focus:outline-none focus:ring-2 focus:ring-slate-500 text-sm"/> aka getByRole('textbox', { name: 'Password', exact: true })
        2) <input value="" type="password" placeholder="Confirm Password" class="w-full bg-slate-800 border border-slate-700 text-white placeholder-slate-500 px-4 py-3 pr-12 rounded-lg focus:outline-none focus:ring-2 focus:ring-slate-500 text-sm"/> aka getByRole('textbox', { name: 'Confirm Password' })

    Call log:
    [2m  - waiting for getByPlaceholder('Password')[22m


       97 |
       98 |   test('disables submit when passwords do not match', async ({ page }) => {
    >  99 |     await page.getByPlaceholder('Password').fill('Test@1234')
          |                                             ^
      100 |     await page.getByPlaceholder('Confirm Password').fill('Different@1234')
      101 |     await expect(page.getByRole('button', { name: 'Create Account' })).toBeDisabled()
      102 |   })
        at /Users/nickporterfield/code/finalvault/tests/e2e/auth/login.spec.js:99:45

    attachment #1: screenshot (image/png) ──────────────────────────────────────────────────────────
    test-results/auth-login-Register-disabl-ebb4b-when-passwords-do-not-match-firefox/test-failed-1.png
    ────────────────────────────────────────────────────────────────────────────────────────────────

    Error Context: test-results/auth-login-Register-disabl-ebb4b-when-passwords-do-not-match-firefox/error-context.md

  13) [firefox] › tests/e2e/auth/logout.spec.js:12:3 › Logout › signs out and redirects to login ───

    Error: locator.fill: value: expected string, got undefined

      4 |   test.beforeEach(async ({ page }) => {
      5 |     await page.goto('/login')
    > 6 |     await page.getByPlaceholder('Email').fill(process.env.PLAYWRIGHT_TEST_EMAIL)
        |                                          ^
      7 |     await page.getByPlaceholder('Password').fill(process.env.PLAYWRIGHT_TEST_PASSWORD)
      8 |     await page.getByRole('button', { name: 'Sign In' }).click()
      9 |     await expect(page).toHaveURL('/')
        at /Users/nickporterfield/code/finalvault/tests/e2e/auth/logout.spec.js:6:42

    attachment #1: screenshot (image/png) ──────────────────────────────────────────────────────────
    test-results/auth-logout-Logout-signs-out-and-redirects-to-login-firefox/test-failed-1.png
    ────────────────────────────────────────────────────────────────────────────────────────────────

    Error Context: test-results/auth-logout-Logout-signs-out-and-redirects-to-login-firefox/error-context.md

  14) [firefox] › tests/e2e/auth/logout.spec.js:17:3 › Logout › cannot access dashboard after signing out 

    Error: locator.fill: value: expected string, got undefined

      4 |   test.beforeEach(async ({ page }) => {
      5 |     await page.goto('/login')
    > 6 |     await page.getByPlaceholder('Email').fill(process.env.PLAYWRIGHT_TEST_EMAIL)
        |                                          ^
      7 |     await page.getByPlaceholder('Password').fill(process.env.PLAYWRIGHT_TEST_PASSWORD)
      8 |     await page.getByRole('button', { name: 'Sign In' }).click()
      9 |     await expect(page).toHaveURL('/')
        at /Users/nickporterfield/code/finalvault/tests/e2e/auth/logout.spec.js:6:42

    attachment #1: screenshot (image/png) ──────────────────────────────────────────────────────────
    test-results/auth-logout-Logout-cannot-access-dashboard-after-signing-out-firefox/test-failed-1.png
    ────────────────────────────────────────────────────────────────────────────────────────────────

    Error Context: test-results/auth-logout-Logout-cannot-access-dashboard-after-signing-out-firefox/error-context.md

  15) [mobile-chrome] › tests/e2e/auth/login.spec.js:8:3 › Login › shows FinalVault branding ───────

    Error: [2mexpect([22m[31mlocator[39m[2m).[22mtoBeVisible[2m([22m[2m)[22m failed

    Locator: getByText('FinalVault')
    Expected: visible
    Error: strict mode violation: getByText('FinalVault') resolved to 2 elements:
        1) <h1 class="text-2xl font-bold tracking-tight text-white">FinalVault</h1> aka getByRole('heading', { name: 'FinalVault' })
        2) <p class="text-slate-400 text-sm mt-1">Sign in to FinalVault</p> aka getByText('Sign in to FinalVault')

    Call log:
    [2m  - Expect "toBeVisible" with timeout 5000ms[22m
    [2m  - waiting for getByText('FinalVault')[22m


       7 |
       8 |   test('shows FinalVault branding', async ({ page }) => {
    >  9 |     await expect(page.getByText('FinalVault')).toBeVisible()
         |                                                ^
      10 |   })
      11 |
      12 |   test('shows sign in form by default', async ({ page }) => {
        at /Users/nickporterfield/code/finalvault/tests/e2e/auth/login.spec.js:9:48

    attachment #1: screenshot (image/png) ──────────────────────────────────────────────────────────
    test-results/auth-login-Login-shows-FinalVault-branding-mobile-chrome/test-failed-1.png
    ────────────────────────────────────────────────────────────────────────────────────────────────

    Error Context: test-results/auth-login-Login-shows-FinalVault-branding-mobile-chrome/error-context.md

  16) [mobile-chrome] › tests/e2e/auth/login.spec.js:30:3 › Login › signs in with valid credentials and redirects to dashboard 

    Error: locator.fill: value: expected string, got undefined

      29 |
      30 |   test('signs in with valid credentials and redirects to dashboard', async ({ page }) => {
    > 31 |     await page.getByPlaceholder('Email').fill(process.env.PLAYWRIGHT_TEST_EMAIL)
         |                                          ^
      32 |     await page.getByPlaceholder('Password').fill(process.env.PLAYWRIGHT_TEST_PASSWORD)
      33 |     await page.getByRole('button', { name: 'Sign In' }).click()
      34 |     await expect(page).toHaveURL('/')
        at /Users/nickporterfield/code/finalvault/tests/e2e/auth/login.spec.js:31:42

    attachment #1: screenshot (image/png) ──────────────────────────────────────────────────────────
    test-results/auth-login-Login-signs-in--e4bf1--and-redirects-to-dashboard-mobile-chrome/test-failed-1.png
    ────────────────────────────────────────────────────────────────────────────────────────────────

    Error Context: test-results/auth-login-Login-signs-in--e4bf1--and-redirects-to-dashboard-mobile-chrome/error-context.md

  17) [mobile-chrome] › tests/e2e/auth/login.spec.js:52:3 › Forgot Password › shows forgot password form 

    Error: [2mexpect([22m[31mlocator[39m[2m).[22mtoBeVisible[2m([22m[2m)[22m failed

    Locator: getByText('Reset your password')
    Expected: visible
    Error: strict mode violation: getByText('Reset your password') resolved to 2 elements:
        1) <p class="text-slate-400 text-sm mt-1">Reset your password</p> aka getByText('Reset your password', { exact: true })
        2) <p class="text-slate-500 text-xs -mt-1">Enter your email and we'll send you a link to res…</p> aka getByText('Enter your email and we\'ll')

    Call log:
    [2m  - Expect "toBeVisible" with timeout 5000ms[22m
    [2m  - waiting for getByText('Reset your password')[22m


      51 |
      52 |   test('shows forgot password form', async ({ page }) => {
    > 53 |     await expect(page.getByText('Reset your password')).toBeVisible()
         |                                                         ^
      54 |     await expect(page.getByPlaceholder('Email')).toBeVisible()
      55 |     await expect(page.getByRole('button', { name: 'Send Reset Email' })).toBeVisible()
      56 |   })
        at /Users/nickporterfield/code/finalvault/tests/e2e/auth/login.spec.js:53:57

    attachment #1: screenshot (image/png) ──────────────────────────────────────────────────────────
    test-results/auth-login-Forgot-Password-shows-forgot-password-form-mobile-chrome/test-failed-1.png
    ────────────────────────────────────────────────────────────────────────────────────────────────

    Error Context: test-results/auth-login-Forgot-Password-shows-forgot-password-form-mobile-chrome/error-context.md

  18) [mobile-chrome] › tests/e2e/auth/login.spec.js:91:3 › Register › shows passwords match indicator 

    Error: locator.fill: Error: strict mode violation: getByPlaceholder('Password') resolved to 2 elements:
        1) <input value="" type="password" placeholder="Password" class="w-full bg-slate-800 border border-slate-700 text-white placeholder-slate-500 px-4 py-3 pr-12 rounded-lg focus:outline-none focus:ring-2 focus:ring-slate-500 text-sm"/> aka getByRole('textbox', { name: 'Password', exact: true })
        2) <input value="" type="password" placeholder="Confirm Password" class="w-full bg-slate-800 border border-slate-700 text-white placeholder-slate-500 px-4 py-3 pr-12 rounded-lg focus:outline-none focus:ring-2 focus:ring-slate-500 text-sm"/> aka getByRole('textbox', { name: 'Confirm Password' })

    Call log:
    [2m  - waiting for getByPlaceholder('Password')[22m


      91 |   test('shows passwords match indicator', async ({ page }) => {
      92 |     const passwordInput = page.getByPlaceholder('Password')
    > 93 |     await passwordInput.fill('Test@1234')
         |                         ^
      94 |     await page.getByPlaceholder('Confirm Password').fill('Test@1234')
      95 |     await expect(page.getByText('Passwords match')).toBeVisible()
      96 |   })
        at /Users/nickporterfield/code/finalvault/tests/e2e/auth/login.spec.js:93:25

    attachment #1: screenshot (image/png) ──────────────────────────────────────────────────────────
    test-results/auth-login-Register-shows-passwords-match-indicator-mobile-chrome/test-failed-1.png
    ────────────────────────────────────────────────────────────────────────────────────────────────

    Error Context: test-results/auth-login-Register-shows-passwords-match-indicator-mobile-chrome/error-context.md

  19) [mobile-chrome] › tests/e2e/auth/login.spec.js:98:3 › Register › disables submit when passwords do not match 

    Error: locator.fill: Error: strict mode violation: getByPlaceholder('Password') resolved to 2 elements:
        1) <input value="" type="password" placeholder="Password" class="w-full bg-slate-800 border border-slate-700 text-white placeholder-slate-500 px-4 py-3 pr-12 rounded-lg focus:outline-none focus:ring-2 focus:ring-slate-500 text-sm"/> aka getByRole('textbox', { name: 'Password', exact: true })
        2) <input value="" type="password" placeholder="Confirm Password" class="w-full bg-slate-800 border border-slate-700 text-white placeholder-slate-500 px-4 py-3 pr-12 rounded-lg focus:outline-none focus:ring-2 focus:ring-slate-500 text-sm"/> aka getByRole('textbox', { name: 'Confirm Password' })

    Call log:
    [2m  - waiting for getByPlaceholder('Password')[22m


       97 |
       98 |   test('disables submit when passwords do not match', async ({ page }) => {
    >  99 |     await page.getByPlaceholder('Password').fill('Test@1234')
          |                                             ^
      100 |     await page.getByPlaceholder('Confirm Password').fill('Different@1234')
      101 |     await expect(page.getByRole('button', { name: 'Create Account' })).toBeDisabled()
      102 |   })
        at /Users/nickporterfield/code/finalvault/tests/e2e/auth/login.spec.js:99:45

    attachment #1: screenshot (image/png) ──────────────────────────────────────────────────────────
    test-results/auth-login-Register-disabl-ebb4b-when-passwords-do-not-match-mobile-chrome/test-failed-1.png
    ────────────────────────────────────────────────────────────────────────────────────────────────

    Error Context: test-results/auth-login-Register-disabl-ebb4b-when-passwords-do-not-match-mobile-chrome/error-context.md

  20) [mobile-chrome] › tests/e2e/auth/logout.spec.js:12:3 › Logout › signs out and redirects to login 

    Error: locator.fill: value: expected string, got undefined

      4 |   test.beforeEach(async ({ page }) => {
      5 |     await page.goto('/login')
    > 6 |     await page.getByPlaceholder('Email').fill(process.env.PLAYWRIGHT_TEST_EMAIL)
        |                                          ^
      7 |     await page.getByPlaceholder('Password').fill(process.env.PLAYWRIGHT_TEST_PASSWORD)
      8 |     await page.getByRole('button', { name: 'Sign In' }).click()
      9 |     await expect(page).toHaveURL('/')
        at /Users/nickporterfield/code/finalvault/tests/e2e/auth/logout.spec.js:6:42

    attachment #1: screenshot (image/png) ──────────────────────────────────────────────────────────
    test-results/auth-logout-Logout-signs-out-and-redirects-to-login-mobile-chrome/test-failed-1.png
    ────────────────────────────────────────────────────────────────────────────────────────────────

    Error Context: test-results/auth-logout-Logout-signs-out-and-redirects-to-login-mobile-chrome/error-context.md

  21) [mobile-chrome] › tests/e2e/auth/logout.spec.js:17:3 › Logout › cannot access dashboard after signing out 

    Error: locator.fill: value: expected string, got undefined

      4 |   test.beforeEach(async ({ page }) => {
      5 |     await page.goto('/login')
    > 6 |     await page.getByPlaceholder('Email').fill(process.env.PLAYWRIGHT_TEST_EMAIL)
        |                                          ^
      7 |     await page.getByPlaceholder('Password').fill(process.env.PLAYWRIGHT_TEST_PASSWORD)
      8 |     await page.getByRole('button', { name: 'Sign In' }).click()
      9 |     await expect(page).toHaveURL('/')
        at /Users/nickporterfield/code/finalvault/tests/e2e/auth/logout.spec.js:6:42

    attachment #1: screenshot (image/png) ──────────────────────────────────────────────────────────
    test-results/auth-logout-Logout-cannot-access-dashboard-after-signing-out-mobile-chrome/test-failed-1.png
    ────────────────────────────────────────────────────────────────────────────────────────────────

    Error Context: test-results/auth-logout-Logout-cannot-access-dashboard-after-signing-out-mobile-chrome/error-context.md

  22) [mobile-safari] › tests/e2e/auth/login.spec.js:8:3 › Login › shows FinalVault branding ───────

    Error: [2mexpect([22m[31mlocator[39m[2m).[22mtoBeVisible[2m([22m[2m)[22m failed

    Locator: getByText('FinalVault')
    Expected: visible
    Error: strict mode violation: getByText('FinalVault') resolved to 2 elements:
        1) <h1 class="text-2xl font-bold tracking-tight text-white">FinalVault</h1> aka getByRole('heading', { name: 'FinalVault' })
        2) <p class="text-slate-400 text-sm mt-1">Sign in to FinalVault</p> aka getByText('Sign in to FinalVault')

    Call log:
    [2m  - Expect "toBeVisible" with timeout 5000ms[22m
    [2m  - waiting for getByText('FinalVault')[22m


       7 |
       8 |   test('shows FinalVault branding', async ({ page }) => {
    >  9 |     await expect(page.getByText('FinalVault')).toBeVisible()
         |                                                ^
      10 |   })
      11 |
      12 |   test('shows sign in form by default', async ({ page }) => {
        at /Users/nickporterfield/code/finalvault/tests/e2e/auth/login.spec.js:9:48

    attachment #1: screenshot (image/png) ──────────────────────────────────────────────────────────
    test-results/auth-login-Login-shows-FinalVault-branding-mobile-safari/test-failed-1.png
    ────────────────────────────────────────────────────────────────────────────────────────────────

    Error Context: test-results/auth-login-Login-shows-FinalVault-branding-mobile-safari/error-context.md

  23) [mobile-safari] › tests/e2e/auth/login.spec.js:30:3 › Login › signs in with valid credentials and redirects to dashboard 

    Error: locator.fill: value: expected string, got undefined

      29 |
      30 |   test('signs in with valid credentials and redirects to dashboard', async ({ page }) => {
    > 31 |     await page.getByPlaceholder('Email').fill(process.env.PLAYWRIGHT_TEST_EMAIL)
         |                                          ^
      32 |     await page.getByPlaceholder('Password').fill(process.env.PLAYWRIGHT_TEST_PASSWORD)
      33 |     await page.getByRole('button', { name: 'Sign In' }).click()
      34 |     await expect(page).toHaveURL('/')
        at /Users/nickporterfield/code/finalvault/tests/e2e/auth/login.spec.js:31:42

    attachment #1: screenshot (image/png) ──────────────────────────────────────────────────────────
    test-results/auth-login-Login-signs-in--e4bf1--and-redirects-to-dashboard-mobile-safari/test-failed-1.png
    ────────────────────────────────────────────────────────────────────────────────────────────────

    Error Context: test-results/auth-login-Login-signs-in--e4bf1--and-redirects-to-dashboard-mobile-safari/error-context.md

  24) [mobile-safari] › tests/e2e/auth/login.spec.js:52:3 › Forgot Password › shows forgot password form 

    Error: [2mexpect([22m[31mlocator[39m[2m).[22mtoBeVisible[2m([22m[2m)[22m failed

    Locator: getByText('Reset your password')
    Expected: visible
    Error: strict mode violation: getByText('Reset your password') resolved to 2 elements:
        1) <p class="text-slate-400 text-sm mt-1">Reset your password</p> aka getByText('Reset your password', { exact: true })
        2) <p class="text-slate-500 text-xs -mt-1">Enter your email and we'll send you a link to res…</p> aka getByText('Enter your email and we\'ll')

    Call log:
    [2m  - Expect "toBeVisible" with timeout 5000ms[22m
    [2m  - waiting for getByText('Reset your password')[22m


      51 |
      52 |   test('shows forgot password form', async ({ page }) => {
    > 53 |     await expect(page.getByText('Reset your password')).toBeVisible()
         |                                                         ^
      54 |     await expect(page.getByPlaceholder('Email')).toBeVisible()
      55 |     await expect(page.getByRole('button', { name: 'Send Reset Email' })).toBeVisible()
      56 |   })
        at /Users/nickporterfield/code/finalvault/tests/e2e/auth/login.spec.js:53:57

    attachment #1: screenshot (image/png) ──────────────────────────────────────────────────────────
    test-results/auth-login-Forgot-Password-shows-forgot-password-form-mobile-safari/test-failed-1.png
    ────────────────────────────────────────────────────────────────────────────────────────────────

    Error Context: test-results/auth-login-Forgot-Password-shows-forgot-password-form-mobile-safari/error-context.md

  25) [mobile-safari] › tests/e2e/auth/login.spec.js:91:3 › Register › shows passwords match indicator 

    Error: locator.fill: Error: strict mode violation: getByPlaceholder('Password') resolved to 2 elements:
        1) <input value="" type="password" placeholder="Password" class="w-full bg-slate-800 border border-slate-700 text-white placeholder-slate-500 px-4 py-3 pr-12 rounded-lg focus:outline-none focus:ring-2 focus:ring-slate-500 text-sm"/> aka getByRole('textbox', { name: 'Password', exact: true })
        2) <input value="" type="password" placeholder="Confirm Password" class="w-full bg-slate-800 border border-slate-700 text-white placeholder-slate-500 px-4 py-3 pr-12 rounded-lg focus:outline-none focus:ring-2 focus:ring-slate-500 text-sm"/> aka getByRole('textbox', { name: 'Confirm Password' })

    Call log:
    [2m  - waiting for getByPlaceholder('Password')[22m


      91 |   test('shows passwords match indicator', async ({ page }) => {
      92 |     const passwordInput = page.getByPlaceholder('Password')
    > 93 |     await passwordInput.fill('Test@1234')
         |                         ^
      94 |     await page.getByPlaceholder('Confirm Password').fill('Test@1234')
      95 |     await expect(page.getByText('Passwords match')).toBeVisible()
      96 |   })
        at /Users/nickporterfield/code/finalvault/tests/e2e/auth/login.spec.js:93:25

    attachment #1: screenshot (image/png) ──────────────────────────────────────────────────────────
    test-results/auth-login-Register-shows-passwords-match-indicator-mobile-safari/test-failed-1.png
    ────────────────────────────────────────────────────────────────────────────────────────────────

    Error Context: test-results/auth-login-Register-shows-passwords-match-indicator-mobile-safari/error-context.md

  26) [mobile-safari] › tests/e2e/auth/login.spec.js:98:3 › Register › disables submit when passwords do not match 

    Error: locator.fill: Error: strict mode violation: getByPlaceholder('Password') resolved to 2 elements:
        1) <input value="" type="password" placeholder="Password" class="w-full bg-slate-800 border border-slate-700 text-white placeholder-slate-500 px-4 py-3 pr-12 rounded-lg focus:outline-none focus:ring-2 focus:ring-slate-500 text-sm"/> aka getByRole('textbox', { name: 'Password', exact: true })
        2) <input value="" type="password" placeholder="Confirm Password" class="w-full bg-slate-800 border border-slate-700 text-white placeholder-slate-500 px-4 py-3 pr-12 rounded-lg focus:outline-none focus:ring-2 focus:ring-slate-500 text-sm"/> aka getByRole('textbox', { name: 'Confirm Password' })

    Call log:
    [2m  - waiting for getByPlaceholder('Password')[22m


       97 |
       98 |   test('disables submit when passwords do not match', async ({ page }) => {
    >  99 |     await page.getByPlaceholder('Password').fill('Test@1234')
          |                                             ^
      100 |     await page.getByPlaceholder('Confirm Password').fill('Different@1234')
      101 |     await expect(page.getByRole('button', { name: 'Create Account' })).toBeDisabled()
      102 |   })
        at /Users/nickporterfield/code/finalvault/tests/e2e/auth/login.spec.js:99:45

    attachment #1: screenshot (image/png) ──────────────────────────────────────────────────────────
    test-results/auth-login-Register-disabl-ebb4b-when-passwords-do-not-match-mobile-safari/test-failed-1.png
    ────────────────────────────────────────────────────────────────────────────────────────────────

    Error Context: test-results/auth-login-Register-disabl-ebb4b-when-passwords-do-not-match-mobile-safari/error-context.md

  27) [mobile-safari] › tests/e2e/auth/logout.spec.js:12:3 › Logout › signs out and redirects to login 

    Error: locator.fill: value: expected string, got undefined

      4 |   test.beforeEach(async ({ page }) => {
      5 |     await page.goto('/login')
    > 6 |     await page.getByPlaceholder('Email').fill(process.env.PLAYWRIGHT_TEST_EMAIL)
        |                                          ^
      7 |     await page.getByPlaceholder('Password').fill(process.env.PLAYWRIGHT_TEST_PASSWORD)
      8 |     await page.getByRole('button', { name: 'Sign In' }).click()
      9 |     await expect(page).toHaveURL('/')
        at /Users/nickporterfield/code/finalvault/tests/e2e/auth/logout.spec.js:6:42

    attachment #1: screenshot (image/png) ──────────────────────────────────────────────────────────
    test-results/auth-logout-Logout-signs-out-and-redirects-to-login-mobile-safari/test-failed-1.png
    ────────────────────────────────────────────────────────────────────────────────────────────────

    Error Context: test-results/auth-logout-Logout-signs-out-and-redirects-to-login-mobile-safari/error-context.md

  28) [mobile-safari] › tests/e2e/auth/logout.spec.js:17:3 › Logout › cannot access dashboard after signing out 

    Error: locator.fill: value: expected string, got undefined

      4 |   test.beforeEach(async ({ page }) => {
      5 |     await page.goto('/login')
    > 6 |     await page.getByPlaceholder('Email').fill(process.env.PLAYWRIGHT_TEST_EMAIL)
        |                                          ^
      7 |     await page.getByPlaceholder('Password').fill(process.env.PLAYWRIGHT_TEST_PASSWORD)
      8 |     await page.getByRole('button', { name: 'Sign In' }).click()
      9 |     await expect(page).toHaveURL('/')
        at /Users/nickporterfield/code/finalvault/tests/e2e/auth/logout.spec.js:6:42

    attachment #1: screenshot (image/png) ──────────────────────────────────────────────────────────
    test-results/auth-logout-Logout-cannot-access-dashboard-after-signing-out-mobile-safari/test-failed-1.png
    ────────────────────────────────────────────────────────────────────────────────────────────────

    Error Context: test-results/auth-logout-Logout-cannot-access-dashboard-after-signing-out-mobile-safari/error-context.md

  28 failed
    [chromium] › tests/e2e/auth/login.spec.js:8:3 › Login › shows FinalVault branding ──────────────
    [chromium] › tests/e2e/auth/login.spec.js:30:3 › Login › signs in with valid credentials and redirects to dashboard 
    [chromium] › tests/e2e/auth/login.spec.js:52:3 › Forgot Password › shows forgot password form ──
    [chromium] › tests/e2e/auth/login.spec.js:91:3 › Register › shows passwords match indicator ────
    [chromium] › tests/e2e/auth/login.spec.js:98:3 › Register › disables submit when passwords do not match 
    [chromium] › tests/e2e/auth/logout.spec.js:12:3 › Logout › signs out and redirects to login ────
    [chromium] › tests/e2e/auth/logout.spec.js:17:3 › Logout › cannot access dashboard after signing out 
    [firefox] › tests/e2e/auth/login.spec.js:8:3 › Login › shows FinalVault branding ───────────────
    [firefox] › tests/e2e/auth/login.spec.js:30:3 › Login › signs in with valid credentials and redirects to dashboard 
    [firefox] › tests/e2e/auth/login.spec.js:52:3 › Forgot Password › shows forgot password form ───
    [firefox] › tests/e2e/auth/login.spec.js:91:3 › Register › shows passwords match indicator ─────
    [firefox] › tests/e2e/auth/login.spec.js:98:3 › Register › disables submit when passwords do not match 
    [firefox] › tests/e2e/auth/logout.spec.js:12:3 › Logout › signs out and redirects to login ─────
    [firefox] › tests/e2e/auth/logout.spec.js:17:3 › Logout › cannot access dashboard after signing out 
    [mobile-chrome] › tests/e2e/auth/login.spec.js:8:3 › Login › shows FinalVault branding ─────────
    [mobile-chrome] › tests/e2e/auth/login.spec.js:30:3 › Login › signs in with valid credentials and redirects to dashboard 
    [mobile-chrome] › tests/e2e/auth/login.spec.js:52:3 › Forgot Password › shows forgot password form 
    [mobile-chrome] › tests/e2e/auth/login.spec.js:91:3 › Register › shows passwords match indicator 
    [mobile-chrome] › tests/e2e/auth/login.spec.js:98:3 › Register › disables submit when passwords do not match 
    [mobile-chrome] › tests/e2e/auth/logout.spec.js:12:3 › Logout › signs out and redirects to login 
    [mobile-chrome] › tests/e2e/auth/logout.spec.js:17:3 › Logout › cannot access dashboard after signing out 
    [mobile-safari] › tests/e2e/auth/login.spec.js:8:3 › Login › shows FinalVault branding ─────────
    [mobile-safari] › tests/e2e/auth/login.spec.js:30:3 › Login › signs in with valid credentials and redirects to dashboard 
    [mobile-safari] › tests/e2e/auth/login.spec.js:52:3 › Forgot Password › shows forgot password form 
    [mobile-safari] › tests/e2e/auth/login.spec.js:91:3 › Register › shows passwords match indicator 
    [mobile-safari] › tests/e2e/auth/login.spec.js:98:3 › Register › disables submit when passwords do not match 
    [mobile-safari] › tests/e2e/auth/logout.spec.js:12:3 › Logout › signs out and redirects to login 
    [mobile-safari] › tests/e2e/auth/logout.spec.js:17:3 › Logout › cannot access dashboard after signing out 
  128 skipped
  32 passed (22.0s)

[36m  Serving HTML report at http://localhost:9323. Press Ctrl+C to quit.[39m
